Привет! Сегодня ты возьмешь на себя роль беттатестера угрюмой хуеты, которая может стать игрой. Выбора особого у тебя конечно же нет.
Понятно. Очередной 1
Ты оказался на равнинах, вокруг раскинулись луга. Ляпота.
Внезапно!
Ты встречаешь Муха
Так как вариантов у тебя немного, оставляю тебе 2 выбора:
Вариант 1 - ты сражаешься
Вариант 2 - ты умираешь от голода
Ну давай, заебашь его
1 Уебал Муха на 11 единиц урона. Но получил ответку на 4 единиц урона по лицу
У вас осталось 96 здоровья. У вражины 89.Что делаем?
 1 - сражайся как мужчина
 2 - в ужасе сьеби в туман
Ты тут вообще то в сражении. Развернувшись ты тут же получил удра в хребет и умер. Лошара
Записали тебя в позорники
TEST!!!!!!!!!!!
Привет! Сегодня ты возьмешь на себя роль беттатестера угрюмой хуеты, которая может стать игрой. Выбора особого у тебя конечно же нет.
Понятно. Очередной 12
Ты оказался на равнинах, вокруг раскинулись луга. Ляпота.
Внезапно!
Ты встречаешь Жук
Так как вариантов у тебя немного, оставляю тебе 2 выбора:
Вариант 1 - ты сражаешься
Вариант 2 - ты умираешь от голода
Глупо умер от изнеможения. Смех да и только.
TEST!!!!!!!!!!!
Привет! Сегодня ты возьмешь на себя роль беттатестера угрюмой хуеты, которая может стать игрой. Выбора особого у тебя конечно же нет.
Понятно. Очередной 2
Ты оказался на равнинах, вокруг раскинулись луга. Ляпота.
Внезапно!
Ты встречаешь Жук
Так как вариантов у тебя немного, оставляю тебе 2 выбора:
Вариант 1 - ты сражаешься
Вариант 2 - ты умираешь от голода
Глупо умер от изнеможения. Смех да и только.
